Microchip MPLAB XC8 Compiler V1.42 ()

Linker command line:

-W-3 --edf=/opt/microchip/xc8/v1.42/dat/en_msgs.txt -cs \
  -h+dist/default/production/igeek_obd.X.production.sym \
  --cmf=dist/default/production/igeek_obd.X.production.cmf -z -Q18F25K80 \
  -o/tmp/xcX2Oxh9y -Mdist/default/production/igeek_obd.X.production.map -E1 \
  -ver=XC8 -ASTACK=0FEh-0e40h -pstack=STACK -ACODE=00h-07FFFh \
  -ACONST=00h-07FFFh -ASMALLCONST=0F00h-0FFFhx113 \
  -AMEDIUMCONST=0F00h-07FFFh -ACOMRAM=01h-05Fh -AABS1=00h-0E40h \
  -ABIGRAM=01h-0E40h -ARAM=060h-0FFh,0100h-01FFhx13,0E00h-0E40h \
  -ABANK0=060h-0FFh -ABANK1=0100h-01FFh -ABANK2=0200h-02FFh \
  -ABANK3=0300h-03FFh -ABANK4=0400h-04FFh -ABANK5=0500h-05FFh \
  -ABANK6=0600h-06FFh -ABANK7=0700h-07FFh -ABANK8=0800h-08FFh \
  -ABANK9=0900h-09FFh -ABANK10=0A00h-0AFFh -ABANK11=0B00h-0BFFh \
  -ABANK12=0C00h-0CFFh -ABANK13=0D00h-0DFFh -ABANK14=0E00h-0E40h \
  -ASFR=0E41h-0EFFh,0F00h-0F5Fh,0F60h-0FFFh \
  -preset_vec=00h,intcode,intcodelo,powerup,init -pramtop=0F00h \
  -psmallconst=SMALLCONST -pmediumconst=MEDIUMCONST -pconst=CONST \
  -AFARRAM=00h-00h -ACONFIG=0300000h-030000Dh -pconfig=CONFIG \
  -AIDLOC=0200000h-0200007h -pidloc=IDLOC -AEEDATA=0F00000h-0F003FFh \
  -peeprom_data=EEDATA \
  -prdata=COMRAM,nvrram=COMRAM,nvbit=COMRAM,rbss=COMRAM,rbit=COMRAM \
  -pfarbss=FARRAM,fardata=FARRAM,nvFARRAM=FARRAM \
  -pintsave_regs=BIGRAM,bigbss=BIGRAM,bigdata=BIGRAM -pbss=RAM \
  -pidata=CODE,irdata=CODE,ibigdata=CODE,ifardata=CODE -prparam=COMRAM \
  /tmp/xcXTIP04o.obj dist/default/production/igeek_obd.X.production.obj 

Object code version is 3.11

Machine type is 18F25K80

Call graph: (short form)




                Name                               Link     Load   Length Selector   Space Scale
/tmp/xcXTIP04o.obj
                init                                  0        0        4        0       0
                idloc                            200000   200000        8   200000       0
                config                           300000   300000        E   300000       0
dist/default/production/igeek_obd.X.production.obj
                smallconst                          F00      F00       98      780       0
                text35                             2F16     2F16       36     16DB       0
                text34                             2792     2792       CC      7CC       0
                text33                             2C2E     2C2E       6E      7CC       0
                text32                             2F80     2F80       2E     16DB       0
                text31                             2F4C     2F4C       34     16DB       0
                text30                             285E     285E       AE      7CC       0
                text29                             25DA     25DA       E6      7CC       0
                text28                             301E     301E       24     16DB       0
                text27                             29B0     29B0       90      7CC       0
                text26                             2FFA     2FFA       24     16DB       0
                text25                             1FEC     1FEC      1AC      7CC       0
                text24                             2ED6     2ED6       40     16DB       0
                text23                             24E6     24E6       F4      7CC       0
                text22                             2AC4     2AC4       82      7CC       0
                text21                             2C9C     2C9C       66      7CC       0
                text20                             2D02     2D02       5C      7CC       0
                text19                             22CA     22CA      128      7CC       0
                text18                             2198     2198      132      7CC       0
                text17                             2A40     2A40       84      7CC       0
                text16                             2BBE     2BBE       70      7CC       0
                text15                             23F2     23F2       F4      7CC       0
                text14                             2FD4     2FD4       26     16DB       0
                text13                             1DA6     1DA6      246      7CC       0
                text12                             3042     3042       1E     16DB       0
                text11                             308C     308C        C     16DB       0
                text10                             19B6     19B6      3F0      7CC       0
                text9                               F98      F98      A1E      7CC       0
                text8                              2B46     2B46       78      7CC       0
                text7                              2DB6     2DB6       52     16DB       0
                text6                              2E94     2E94       42     16DB       0
                text5                              290C     290C       A4      7CC       0
                text4                              2E08     2E08       4A     16DB       0
                text3                              307A     307A       12     16DB       0
                text2                              2FAE     2FAE       26     16DB       0
                text1                              3060     3060       1A     16DB       0
                text0                              26C0     26C0       D2      7CC       0
                cstackCOMRAM                          1        1       4D        1       1
                cstackBANK0                          E1       E1       1D       60       1
                dataBANK0                            60       60       57       60       1
                bssBANK0                             B7       B7       2A       60       1
                bssCOMRAM                            4E       4E       10        1       1
                cinit                              2E52     2E52       42     16DB       0
                idataBANK0                         2D5E     2D5E       57      7CC       0

TOTAL           Name                               Link     Load   Length     Space
        CLASS   STACK          

        CLASS   CODE           
                init                                  0        0        4         0
                text35                             2F16     2F16       36         0
                text34                             2792     2792       CC         0
                text33                             2C2E     2C2E       6E         0
                text32                             2F80     2F80       2E         0
                text31                             2F4C     2F4C       34         0
                text30                             285E     285E       AE         0
                text29                             25DA     25DA       E6         0
                text28                             301E     301E       24         0
                text27                             29B0     29B0       90         0
                text26                             2FFA     2FFA       24         0
                text25                             1FEC     1FEC      1AC         0
                text24                             2ED6     2ED6       40         0
                text23                             24E6     24E6       F4         0
                text22                             2AC4     2AC4       82         0
                text21                             2C9C     2C9C       66         0
                text20                             2D02     2D02       5C         0
                text19                             22CA     22CA      128         0
                text18                             2198     2198      132         0
                text17                             2A40     2A40       84         0
                text16                             2BBE     2BBE       70         0
                text15                             23F2     23F2       F4         0
                text14                             2FD4     2FD4       26         0
                text13                             1DA6     1DA6      246         0
                text12                             3042     3042       1E         0
                text11                             308C     308C        C         0
                text10                             19B6     19B6      3F0         0
                text9                               F98      F98      A1E         0
                text8                              2B46     2B46       78         0
                text7                              2DB6     2DB6       52         0
                text6                              2E94     2E94       42         0
                text5                              290C     290C       A4         0
                text4                              2E08     2E08       4A         0
                text3                              307A     307A       12         0
                text2                              2FAE     2FAE       26         0
                text1                              3060     3060       1A         0
                text0                              26C0     26C0       D2         0
                cinit                              2E52     2E52       42         0
                idataBANK0                         2D5E     2D5E       57         0

        CLASS   CONST          

        CLASS   SMALLCONST     
                smallconst                          F00      F00       98         0

        CLASS   MEDIUMCONST    

        CLASS   COMRAM         
                cstackCOMRAM                          1        1       4D         1
                bssCOMRAM                            4E       4E       10         1

        CLASS   ABS1           

        CLASS   BIGRAM         

        CLASS   RAM            

        CLASS   BANK0          
                cstackBANK0                          E1       E1       1D         1
                dataBANK0                            60       60       57         1
                bssBANK0                             B7       B7       2A         1

        CLASS   BANK1          

        CLASS   BANK2          

        CLASS   BANK3          

        CLASS   BANK4          

        CLASS   BANK5          

        CLASS   BANK6          

        CLASS   BANK7          

        CLASS   BANK8          

        CLASS   BANK9          

        CLASS   BANK10         

        CLASS   BANK11         

        CLASS   BANK12         

        CLASS   BANK13         

        CLASS   BANK14         

        CLASS   SFR            

        CLASS   FARRAM         

        CLASS   CONFIG         
                config                           300000   300000        E         0

        CLASS   IDLOC          
                idloc                            200000   200000        8         0

        CLASS   EEDATA         



SEGMENTS        Name                           Load    Length   Top    Selector   Space  Class

                reset_vec                      000000  000004  000004         0       0  CODE    
                cstackCOMRAM                   000001  00005D  00005E         1       1  COMRAM  
                dataBANK0                      000060  00009E  0000FE        60       1  BANK0   
                smallconst                     000F00  000098  000F98       780       0  SMALLCON
                text9                          000F98  001E1D  002DB5       7CC       0  CODE    
                text7                          002DB6  0002E2  003098      16DB       0  CODE    
                idloc                          200000  000008  200008    200000       0  IDLOC   
                config                         300000  00000E  30000E    300000       0  CONFIG  


UNUSED ADDRESS RANGES

        Name                Unused          Largest block    Delta
        BANK0            0000FE-0000FF                2
        BANK1            000100-0001FF              100
        BANK10           000A00-000AFF              100
        BANK11           000B00-000BFF              100
        BANK12           000C00-000CFF              100
        BANK13           000D00-000DFF              100
        BANK14           000E00-000E40               41
        BANK2            000200-0002FF              100
        BANK3            000300-0003FF              100
        BANK4            000400-0004FF              100
        BANK5            000500-0005FF              100
        BANK6            000600-0006FF              100
        BANK7            000700-0007FF              100
        BANK8            000800-0008FF              100
        BANK9            000900-0009FF              100
        BIGRAM           00005E-00005F                2
                         0000FE-000E40              D43
        CODE             000004-000EFF              EFC
                         002DB5-002DB5                1
                         003098-007FFF             4F68
        COMRAM           00005E-00005F                2
        CONST            000004-000EFF              EFC
                         002DB5-002DB5                1
                         003098-007FFF             4F68
        EEDATA           F00000-F003FF              400
        MEDIUMCONST      002DB5-002DB5                1
                         003098-007FFF             4F68
        RAM              0000FE-000E40              100
        SFR              000E41-000FFF               BF
        SMALLCONST       002DB5-002DB5                1
                         003098-007FFF              100
        STACK            0000FE-000E40              D43

                                  Symbol Table

?_ADCRead                    cstackCOMRAM 000001
?___aldiv                    cstackCOMRAM 000001
?___awdiv                    cstackCOMRAM 000007
?___awmod                    cstackCOMRAM 000001
?___ftadd                    cstackCOMRAM 00002E
?___ftdiv                    cstackCOMRAM 000024
?___ftmul                    cstackCOMRAM 000015
?___ftneg                    cstackCOMRAM 000001
?___ftpack                   cstackCOMRAM 000001
?___ftsub                    cstackCOMRAM 00003A
?___fttol                    cstackCOMRAM 00002B
?___lldiv                    cstackCOMRAM 000001
?___llmod                    cstackCOMRAM 000001
?___lltoft                   cstackCOMRAM 000009
?___lwdiv                    cstackCOMRAM 000001
?___lwmod                    cstackCOMRAM 000001
?___lwtoft                   cstackCOMRAM 000009
?___wmul                     cstackCOMRAM 00000F
?__div_to_l_                 cstackCOMRAM 000001
?__tdiv_to_l_                cstackCOMRAM 000001
?_fround                     cstackCOMRAM 000024
?_itoa                       cstackCOMRAM 000011
?_printf                     cstackCOMRAM 000040
?_scale                      cstackCOMRAM 000024
ADCRead@ch                   cstackCOMRAM 000003
UART1Init@baud_rate          cstackCOMRAM 00000F
Write1USART@data             cstackCOMRAM 000001
_ADCON0                      (abs)        000FC2
_ADCON0bits                  (abs)        000FC2
_ADCON1bits                  (abs)        000FC1
_ADCON2bits                  (abs)        000FC0
_ADCRead                     text31       002F4C
_ADCStringVal                bssBANK0     0000CF
_ADCStringValTwo             bssBANK0     0000CB
_ADCValue                    bssCOMRAM    00005C
_ADRES                       (abs)        000FC3
_ANCON0bits                  (abs)        000F5D
_ANCON1                      (abs)        000F5C
_BAUDCON1bits                (abs)        000FA7
_Heartbeat                   text35       002F16
_INTCONbits                  (abs)        000FF2
_IPR1bits                    (abs)        000F9F
_Newline                     dataBANK0    000082
_PIE1bits                    (abs)        000F9D
_PIR1bits                    (abs)        000F9E
_PORTAbits                   (abs)        000F80
_PORTB                       (abs)        000F81
_PORTBbits                   (abs)        000F81
_RC1IF                       (abs)        007CF5
_RCREG                       (abs)        000FAE
_RCREG1                      (abs)        000FAE
_RCSTA1bits                  (abs)        000FAB
_RCSTAbits                   (abs)        000FAB
_SPBRG                       (abs)        000FAF
_SPBRG1                      (abs)        000FAF
_TRISAbits                   (abs)        000F92
_TRISB                       (abs)        000F93
_TRISC                       (abs)        000F94
_TRISCbits                   (abs)        000F94
_TXIF                        (abs)        007CF4
_TXREG                       (abs)        000FAD
_TXREG1                      (abs)        000FAD
_TXSTA1bits                  (abs)        000FAC
_TXSTAbits                   (abs)        000FAC
_UART1Init                   text33       002C2E
_UART1Init$1830              cstackCOMRAM 000013
_USART1_Status               bssCOMRAM    000053
_WPUB                        (abs)        000F5B
_Write1USART                 text3        00307A
__CFG_BBSIZ$BB2K             (abs)        000000
__CFG_BOREN$SBORDIS          (abs)        000000
__CFG_BORPWR$ZPBORMV         (abs)        000000
__CFG_BORV$3                 (abs)        000000
__CFG_CANMX$PORTB            (abs)        000000
__CFG_CP0$OFF                (abs)        000000
__CFG_CP1$OFF                (abs)        000000
__CFG_CP2$OFF                (abs)        000000
__CFG_CP3$OFF                (abs)        000000
__CFG_CPB$OFF                (abs)        000000
__CFG_CPD$OFF                (abs)        000000
__CFG_EBTR0$OFF              (abs)        000000
__CFG_EBTR1$OFF              (abs)        000000
__CFG_EBTR2$OFF              (abs)        000000
__CFG_EBTR3$OFF              (abs)        000000
__CFG_EBTRB$OFF              (abs)        000000
__CFG_FCMEN$OFF              (abs)        000000
__CFG_FOSC$HS1               (abs)        000000
__CFG_IESO$OFF               (abs)        000000
__CFG_INTOSCSEL$LOW          (abs)        000000
__CFG_MCLRE$ON               (abs)        000000
__CFG_MSSPMSK$MSK7           (abs)        000000
__CFG_PLLCFG$OFF             (abs)        000000
__CFG_PWRTEN$OFF             (abs)        000000
__CFG_RETEN$OFF              (abs)        000000
__CFG_SOSCSEL$DIG            (abs)        000000
__CFG_STVREN$ON              (abs)        000000
__CFG_WDTEN$SWDTDIS          (abs)        000000
__CFG_WDTPS$1048576          (abs)        000000
__CFG_WRT0$OFF               (abs)        000000
__CFG_WRT1$OFF               (abs)        000000
__CFG_WRT2$OFF               (abs)        000000
__CFG_WRT3$OFF               (abs)        000000
__CFG_WRTB$OFF               (abs)        000000
__CFG_WRTC$OFF               (abs)        000000
__CFG_WRTD$OFF               (abs)        000000
__CFG_XINST$OFF              (abs)        000000
__HRAM                       (abs)        000000
__Habs1                      abs1         000000
__Hbank0                     bank0        000000
__Hbank1                     bank1        000000
__Hbank10                    bank10       000000
__Hbank11                    bank11       000000
__Hbank12                    bank12       000000
__Hbank13                    bank13       000000
__Hbank14                    bank14       000000
__Hbank2                     bank2        000000
__Hbank3                     bank3        000000
__Hbank4                     bank4        000000
__Hbank5                     bank5        000000
__Hbank6                     bank6        000000
__Hbank7                     bank7        000000
__Hbank8                     bank8        000000
__Hbank9                     bank9        000000
__Hbigbss                    bigbss       000000
__Hbigdata                   bigdata      000000
__Hbigram                    bigram       000000
__Hbss                       bss          000000
__HbssBANK0                  bssBANK0     000000
__HbssCOMRAM                 bssCOMRAM    000000
__Hcinit                     cinit        000000
__Hclrtext                   clrtext      000000
__Hcomram                    comram       000000
__Hconfig                    config       30000E
__Hconst                     const        000000
__HcstackBANK0               cstackBANK0  000000
__HcstackCOMRAM              cstackCOMRAM 000000
__Hdata                      data         000000
__HdataBANK0                 dataBANK0    000000
__Heeprom_data               eeprom_data  000000
__Hfarbss                    farbss       000000
__Hfardata                   fardata      000000
__Hibigdata                  ibigdata     000000
__Hidata                     idata        000000
__HidataBANK0                idataBANK0   000000
__Hidloc                     idloc        200008
__Hifardata                  ifardata     000000
__Hinit                      init         000004
__Hintcode                   intcode      000000
__Hintcode_body              intcode_body 000000
__Hintcodelo                 intcodelo    000000
__Hintentry                  intentry     000000
__Hintret                    intret       000000
__Hintsave_regs              intsave_regs 000000
__Hirdata                    irdata       000000
__Hmediumconst               mediumconst  000000
__HnvFARRAM                  nvFARRAM     000000
__Hnvbit                     nvbit        000000
__Hnvrram                    nvrram       000000
__Hparam                     rparam       000000
__Hpowerup                   powerup      000000
__Hram                       ram          000000
__Hramtop                    ramtop       000F00
__Hrbit                      rbit         000000
__Hrbss                      rbss         000000
__Hrdata                     rdata        000000
__Hreset_vec                 reset_vec    000000
__Hrparam                    rparam       000000
__Hsfr                       sfr          000000
__Hsmallconst                smallconst   000F98
__Hspace_0                   (abs)        30000E
__Hspace_1                   (abs)        0000FE
__Hspace_2                   (abs)        000000
__Hstack                     stack        000000
__Hstruct                    struct       000000
__Htemp                      temp         000000
__Htext                      text         000000
__Htext0                     text0        000000
__Htext1                     text1        000000
__Htext10                    text10       000000
__Htext11                    text11       000000
__Htext12                    text12       000000
__Htext13                    text13       000000
__Htext14                    text14       000000
__Htext15                    text15       000000
__Htext16                    text16       000000
__Htext17                    text17       000000
__Htext18                    text18       000000
__Htext19                    text19       000000
__Htext2                     text2        000000
__Htext20                    text20       000000
__Htext21                    text21       000000
__Htext22                    text22       000000
__Htext23                    text23       000000
__Htext24                    text24       000000
__Htext25                    text25       000000
__Htext26                    text26       000000
__Htext27                    text27       000000
__Htext28                    text28       000000
__Htext29                    text29       000000
__Htext3                     text3        000000
__Htext30                    text30       000000
__Htext31                    text31       000000
__Htext32                    text32       000000
__Htext33                    text33       000000
__Htext34                    text34       000000
__Htext35                    text35       000000
__Htext4                     text4        000000
__Htext5                     text5        000000
__Htext6                     text6        000000
__Htext7                     text7        000000
__Htext8                     text8        000000
__Htext9                     text9        000000
__LRAM                       (abs)        000001
__Labs1                      abs1         000000
__Lbank0                     bank0        000000
__Lbank1                     bank1        000000
__Lbank10                    bank10       000000
__Lbank11                    bank11       000000
__Lbank12                    bank12       000000
__Lbank13                    bank13       000000
__Lbank14                    bank14       000000
__Lbank2                     bank2        000000
__Lbank3                     bank3        000000
__Lbank4                     bank4        000000
__Lbank5                     bank5        000000
__Lbank6                     bank6        000000
__Lbank7                     bank7        000000
__Lbank8                     bank8        000000
__Lbank9                     bank9        000000
__Lbigbss                    bigbss       000000
__Lbigdata                   bigdata      000000
__Lbigram                    bigram       000000
__Lbss                       bss          000000
__LbssBANK0                  bssBANK0     000000
__LbssCOMRAM                 bssCOMRAM    000000
__Lcinit                     cinit        000000
__Lclrtext                   clrtext      000000
__Lcomram                    comram       000000
__Lconfig                    config       300000
__Lconst                     const        000000
__LcstackBANK0               cstackBANK0  000000
__LcstackCOMRAM              cstackCOMRAM 000000
__Ldata                      data         000000
__LdataBANK0                 dataBANK0    000000
__Leeprom_data               eeprom_data  000000
__Lfarbss                    farbss       000000
__Lfardata                   fardata      000000
__Libigdata                  ibigdata     000000
__Lidata                     idata        000000
__LidataBANK0                idataBANK0   000000
__Lidloc                     idloc        200000
__Lifardata                  ifardata     000000
__Linit                      init         000000
__Lintcode                   intcode      000000
__Lintcode_body              intcode_body 000000
__Lintcodelo                 intcodelo    000000
__Lintentry                  intentry     000000
__Lintret                    intret       000000
__Lintsave_regs              intsave_regs 000000
__Lirdata                    irdata       000000
__Lmediumconst               mediumconst  000000
__LnvFARRAM                  nvFARRAM     000000
__Lnvbit                     nvbit        000000
__Lnvrram                    nvrram       000000
__Lparam                     rparam       000000
__Lpowerup                   powerup      000000
__Lram                       ram          000000
__Lramtop                    ramtop       000F00
__Lrbit                      rbit         000000
__Lrbss                      rbss         000000
__Lrdata                     rdata        000000
__Lreset_vec                 reset_vec    000000
__Lrparam                    rparam       000000
__Lsfr                       sfr          000000
__Lsmallconst                smallconst   000F00
__Lspace_0                   (abs)        000000
__Lspace_1                   (abs)        000000
__Lspace_2                   (abs)        000000
__Lstack                     stack        000000
__Lstruct                    struct       000000
__Ltemp                      temp         000000
__Ltext                      text         000000
__Ltext0                     text0        000000
__Ltext1                     text1        000000
__Ltext10                    text10       000000
__Ltext11                    text11       000000
__Ltext12                    text12       000000
__Ltext13                    text13       000000
__Ltext14                    text14       000000
__Ltext15                    text15       000000
__Ltext16                    text16       000000
__Ltext17                    text17       000000
__Ltext18                    text18       000000
__Ltext19                    text19       000000
__Ltext2                     text2        000000
__Ltext20                    text20       000000
__Ltext21                    text21       000000
__Ltext22                    text22       000000
__Ltext23                    text23       000000
__Ltext24                    text24       000000
__Ltext25                    text25       000000
__Ltext26                    text26       000000
__Ltext27                    text27       000000
__Ltext28                    text28       000000
__Ltext29                    text29       000000
__Ltext3                     text3        000000
__Ltext30                    text30       000000
__Ltext31                    text31       000000
__Ltext32                    text32       000000
__Ltext33                    text33       000000
__Ltext34                    text34       000000
__Ltext35                    text35       000000
__Ltext4                     text4        000000
__Ltext5                     text5        000000
__Ltext6                     text6        000000
__Ltext7                     text7        000000
__Ltext8                     text8        000000
__Ltext9                     text9        000000
__S0                         (abs)        30000E
__S1                         (abs)        0000FE
__S2                         (abs)        000000
___aldiv                     text34       002792
___aldiv@counter             cstackCOMRAM 000009
___aldiv@dividend            cstackCOMRAM 000001
___aldiv@divisor             cstackCOMRAM 000005
___aldiv@quotient            cstackCOMRAM 00000B
___aldiv@sign                cstackCOMRAM 00000A
___awdiv                     text17       002A40
___awdiv@counter             cstackCOMRAM 00000B
___awdiv@dividend            cstackCOMRAM 000007
___awdiv@divisor             cstackCOMRAM 000009
___awdiv@quotient            cstackCOMRAM 00000D
___awdiv@sign                cstackCOMRAM 00000C
___awmod                     text16       002BBE
___awmod@counter             cstackCOMRAM 000005
___awmod@dividend            cstackCOMRAM 000001
___awmod@divisor             cstackCOMRAM 000003
___awmod@sign                cstackCOMRAM 000006
___ftadd                     text25       001FEC
___ftadd@exp1                cstackCOMRAM 000039
___ftadd@exp2                cstackCOMRAM 000038
___ftadd@f1                  cstackCOMRAM 00002E
___ftadd@f2                  cstackCOMRAM 000031
___ftadd@sign                cstackCOMRAM 000037
___ftdiv                     text29       0025DA
___ftdiv@cntr                cstackCOMRAM 00002D
___ftdiv@exp                 cstackCOMRAM 000031
___ftdiv@f1                  cstackCOMRAM 000024
___ftdiv@f2                  cstackCOMRAM 000027
___ftdiv@f3                  cstackCOMRAM 00002E
___ftdiv@sign                cstackCOMRAM 000032
___ftge                      text27       0029B0
___ftge@ff1                  cstackCOMRAM 000001
___ftge@ff2                  cstackCOMRAM 000004
___ftmul                     text15       0023F2
___ftmul@cntr                cstackCOMRAM 000022
___ftmul@exp                 cstackCOMRAM 00001E
___ftmul@f1                  cstackCOMRAM 000015
___ftmul@f2                  cstackCOMRAM 000018
___ftmul@f3_as_product       cstackCOMRAM 00001F
___ftmul@sign                cstackCOMRAM 000023
___ftneg                     text26       002FFA
___ftneg@f1                  cstackCOMRAM 000001
___ftpack                    text30       00285E
___ftpack@arg                cstackCOMRAM 000001
___ftpack@exp                cstackCOMRAM 000004
___ftpack@sign               cstackCOMRAM 000005
___ftsub                     text24       002ED6
___ftsub@f1                  cstackCOMRAM 00003A
___ftsub@f2                  cstackCOMRAM 00003D
___fttol                     text23       0024E6
___fttol@exp1                cstackCOMRAM 000039
___fttol@f1                  cstackCOMRAM 00002B
___fttol@lval                cstackCOMRAM 000035
___fttol@sign1               cstackCOMRAM 000034
___inthi_sp                  stack        000000
___intlo_sp                  stack        000000
___lldiv                     text22       002AC4
___lldiv@counter             cstackCOMRAM 00000D
___lldiv@dividend            cstackCOMRAM 000001
___lldiv@divisor             cstackCOMRAM 000005
___lldiv@quotient            cstackCOMRAM 000009
___llmod                     text21       002C9C
___llmod@counter             cstackCOMRAM 000009
___llmod@dividend            cstackCOMRAM 000001
___llmod@divisor             cstackCOMRAM 000005
___lltoft                    text20       002D02
___lltoft@c                  cstackCOMRAM 000009
___lltoft@exp                cstackCOMRAM 000011
___lwdiv                     text7        002DB6
___lwdiv@counter             cstackCOMRAM 000007
___lwdiv@dividend            cstackCOMRAM 000001
___lwdiv@divisor             cstackCOMRAM 000003
___lwdiv@quotient            cstackCOMRAM 000005
___lwmod                     text6        002E94
___lwmod@counter             cstackCOMRAM 000005
___lwmod@dividend            cstackCOMRAM 000001
___lwmod@divisor             cstackCOMRAM 000003
___lwtoft                    text28       00301E
___lwtoft@c                  cstackCOMRAM 000009
___param_bank                (abs)        000000
___rparam_used               (abs)        000001
___sp                        stack        000000
___wmul                      text14       002FD4
___wmul@multiplicand         cstackCOMRAM 000011
___wmul@multiplier           cstackCOMRAM 00000F
___wmul@product              cstackCOMRAM 000013
__accesstop                  (abs)        000060
__activetblptr               (abs)        000002
__div_to_l_                  text19       0022CA
__div_to_l_@cntr             cstackCOMRAM 00000B
__div_to_l_@exp1             cstackCOMRAM 00000C
__div_to_l_@f1               cstackCOMRAM 000001
__div_to_l_@f2               cstackCOMRAM 000004
__div_to_l_@quot             cstackCOMRAM 000007
__end_of_ADCRead             text31       002F80
__end_of_Heartbeat           text35       002F4C
__end_of_UART1Init           text33       002C9C
__end_of_Write1USART         text3        00308C
__end_of___aldiv             text34       00285E
__end_of___awdiv             text17       002AC4
__end_of___awmod             text16       002C2E
__end_of___ftadd             text25       002198
__end_of___ftdiv             text29       0026C0
__end_of___ftge              text27       002A40
__end_of___ftmul             text15       0024E6
__end_of___ftneg             text26       00301E
__end_of___ftpack            text30       00290C
__end_of___ftsub             text24       002F16
__end_of___fttol             text23       0025DA
__end_of___lldiv             text22       002B46
__end_of___llmod             text21       002D02
__end_of___lltoft            text20       002D5E
__end_of___lwdiv             text7        002E08
__end_of___lwmod             text6        002ED6
__end_of___lwtoft            text28       003042
__end_of___wmul              text14       002FFA
__end_of__div_to_l_          text19       0023F2
__end_of__initialization     cinit        002E8A
__end_of__npowers_           smallconst   000F77
__end_of__powers_            smallconst   000F50
__end_of__tdiv_to_l_         text18       0022CA
__end_of_config_adc          text32       002FAE
__end_of_do_voltage          text8        002BBE
__end_of_dpowers             smallconst   000F29
__end_of_fround              text13       001FEC
__end_of_isdigit             text12       003060
__end_of_itoa                text4        002E52
__end_of_main                text0        002792
__end_of_printf              text9        0019B6
__end_of_putch               text11       003098
__end_of_puts1USART          text2        002FD4
__end_of_scale               text10       001DA6
__end_of_setup               text1        00307A
__end_of_utoa                text5        0029B0
__initialization             cinit        002E52
__mediumconst                mediumconst  000000
__npowers_                   smallconst   000F50
__pbssBANK0                  bssBANK0     0000B7
__pbssCOMRAM                 bssCOMRAM    00004E
__pcinit                     cinit        002E52
__pcstackBANK0               cstackBANK0  0000E1
__pcstackCOMRAM              cstackCOMRAM 000001
__pdataBANK0                 dataBANK0    000060
__pidataBANK0                idataBANK0   002D5E
__powers_                    smallconst   000F29
__psmallconst                smallconst   000F00
__ptext0                     text0        0026C0
__ptext1                     text1        003060
__ptext10                    text10       0019B6
__ptext11                    text11       00308C
__ptext12                    text12       003042
__ptext13                    text13       001DA6
__ptext14                    text14       002FD4
__ptext15                    text15       0023F2
__ptext16                    text16       002BBE
__ptext17                    text17       002A40
__ptext18                    text18       002198
__ptext19                    text19       0022CA
__ptext2                     text2        002FAE
__ptext20                    text20       002D02
__ptext21                    text21       002C9C
__ptext22                    text22       002AC4
__ptext23                    text23       0024E6
__ptext24                    text24       002ED6
__ptext25                    text25       001FEC
__ptext26                    text26       002FFA
__ptext27                    text27       0029B0
__ptext28                    text28       00301E
__ptext29                    text29       0025DA
__ptext3                     text3        00307A
__ptext30                    text30       00285E
__ptext31                    text31       002F4C
__ptext32                    text32       002F80
__ptext33                    text33       002C2E
__ptext34                    text34       002792
__ptext35                    text35       002F16
__ptext4                     text4        002E08
__ptext5                     text5        00290C
__ptext6                     text6        002E94
__ptext7                     text7        002DB6
__ptext8                     text8        002B46
__ptext9                     text9        000F98
__ramtop                     ramtop       000F00
__size_of_ADCRead            (abs)        000000
__size_of_Heartbeat          (abs)        000000
__size_of_UART1Init          (abs)        000000
__size_of_Write1USART        (abs)        000000
__size_of___aldiv            (abs)        000000
__size_of___awdiv            (abs)        000000
__size_of___awmod            (abs)        000000
__size_of___ftadd            (abs)        000000
__size_of___ftdiv            (abs)        000000
__size_of___ftge             (abs)        000000
__size_of___ftmul            (abs)        000000
__size_of___ftneg            (abs)        000000
__size_of___ftpack           (abs)        000000
__size_of___ftsub            (abs)        000000
__size_of___fttol            (abs)        000000
__size_of___lldiv            (abs)        000000
__size_of___llmod            (abs)        000000
__size_of___lltoft           (abs)        000000
__size_of___lwdiv            (abs)        000000
__size_of___lwmod            (abs)        000000
__size_of___lwtoft           (abs)        000000
__size_of___wmul             (abs)        000000
__size_of__div_to_l_         (abs)        000000
__size_of__tdiv_to_l_        (abs)        000000
__size_of_config_adc         (abs)        000000
__size_of_do_voltage         (abs)        000000
__size_of_fround             (abs)        000000
__size_of_isdigit            (abs)        000000
__size_of_itoa               (abs)        000000
__size_of_main               (abs)        000000
__size_of_printf             (abs)        000000
__size_of_putch              (abs)        000000
__size_of_puts1USART         (abs)        000000
__size_of_scale              (abs)        000000
__size_of_setup              (abs)        000000
__size_of_utoa               (abs)        000000
__smallconst                 smallconst   000F00
__tdiv_to_l_                 text18       002198
__tdiv_to_l_@cntr            cstackCOMRAM 00000E
__tdiv_to_l_@exp1            cstackCOMRAM 00000F
__tdiv_to_l_@f1              cstackCOMRAM 000001
__tdiv_to_l_@f2              cstackCOMRAM 000004
__tdiv_to_l_@quot            cstackCOMRAM 00000A
_config_adc                  text32       002F80
_device_name                 dataBANK0    000085
_device_name_two             dataBANK0    000060
_do_voltage                  text8        002B46
_dpowers                     smallconst   000F01
_fround                      text13       001DA6
_fround$1831                 cstackCOMRAM 00002A
_fround$1832                 cstackCOMRAM 000027
_heartbeatCount              bssCOMRAM    000051
_inttext                     dataBANK0    000075
_isdigit                     text12       003042
_isdigit$1437                cstackCOMRAM 000002
_itoa                        text4        002E08
_main                        text0        0026C0
_newvals                     bssCOMRAM    00005B
_printf                      text9        000F98
_printf$1834                 cstackBANK0  0000E1
_putch                       text11       00308C
_puts1USART                  text2        002FAE
_scale                       text10       0019B6
_scale$1833                  cstackCOMRAM 000027
_setup                       text1        003060
_spacing                     dataBANK0    00007E
_stringval                   bssBANK0     0000D3
_utoa                        text5        00290C
_vUARTIntRxBufDataCnt        bssCOMRAM    000056
_vUARTIntRxBufRdPtr          bssCOMRAM    000054
_vUARTIntRxBufWrPtr          bssCOMRAM    000055
_vUARTIntRxBuffer            bssBANK0     0000B7
_vUARTIntStatus              bssCOMRAM    00005A
_vUARTIntTxBufDataCnt        bssCOMRAM    000059
_vUARTIntTxBufRdPtr          bssCOMRAM    000057
_vUARTIntTxBufWrPtr          bssCOMRAM    000058
_vUARTIntTxBuffer            bssBANK0     0000C1
_volts                       bssCOMRAM    00004E
end_of_initialization        cinit        002E8A
fround@prec                  cstackCOMRAM 00002D
intlevel0                    text         000000
intlevel1                    text         000000
intlevel2                    text         000000
intlevel3                    text         000000
isdigit@c                    cstackCOMRAM 000003
itoa@base                    cstackCOMRAM 000015
itoa@buf                     cstackCOMRAM 000011
itoa@cp                      cstackCOMRAM 000017
itoa@val                     cstackCOMRAM 000013
main@AT_COMMAND              cstackCOMRAM 00004D
main@vale                    cstackCOMRAM 00004B
printf@ap                    cstackBANK0  0000E6
printf@c                     cstackBANK0  0000FD
printf@cp                    cstackBANK0  0000E4
printf@exp                   cstackBANK0  0000F4
printf@f                     cstackCOMRAM 000040
printf@flag                  cstackBANK0  0000EE
printf@fval                  cstackBANK0  0000F8
printf@len                   cstackBANK0  0000E8
printf@prec                  cstackBANK0  0000FB
printf@tmpval                cstackBANK0  0000F0
printf@val                   cstackBANK0  0000EA
printf@width                 cstackBANK0  0000F6
putch@data                   cstackCOMRAM 000001
puts1USART@data              cstackCOMRAM 000019
returnString@processedString bssBANK0     0000DD
scale@scl                    cstackCOMRAM 00002A
stackhi                      (abs)        000E40
stacklo                      (abs)        0000FE
start                        init         000000
start_initialization         cinit        002E52
utoa@base                    cstackCOMRAM 00000C
utoa@buf                     cstackCOMRAM 000008
utoa@c                       cstackCOMRAM 000010
utoa@v                       cstackCOMRAM 00000E
utoa@val                     cstackCOMRAM 00000A


FUNCTION INFORMATION:

 *************** function _main *****************
 Defined at:
		line 273 in file "main.c"
 Parameters:    Size  Location     Type
		None
 Auto vars:     Size  Location     Type
  voltage         3    0        volatile float 
  vale            2   74[COMRAM] unsigned int 
  stats           2    0        unsigned int 
  AT_COMMAND      1   76[COMRAM] volatile unsigned char 
 Return value:  Size  Location     Type
                  1    wreg      void 
 Registers used:
		wreg, fsr2l, fsr2h, status,2, status,0, tblptrl, tblptrh, tblptru, prodl, prodh, cstack
 Tracked objects:
		On entry : 
		On exit  : 
		Unchanged: 
 Data sizes:     COMRAM   BANK0   BANK1   BANK2   BANK3   BANK4   BANK5   BANK6   BANK7   BANK8   BANK9  BANK10  BANK11  BANK12  BANK13  BANK14
      Params:         0       0       0       0       0       0       0       0       0       0       0       0       0       0       0       0
      Locals:         3       0       0       0       0       0       0       0       0       0       0       0       0       0       0       0
      Temps:          0       0       0       0       0       0       0       0       0       0       0       0       0       0       0       0
      Totals:         3       0       0       0       0       0       0       0       0       0       0       0       0       0       0       0
Total ram usage:        3 bytes
 Hardware stack levels required when called:    5
 This function calls:
		_Heartbeat
		_UART1Init
		_config_adc
		_do_voltage
		_itoa
		_printf
		_puts1USART
		_setup
 This function is called by:
		Startup code after reset
 This function uses a non-reentrant model


 *************** function _setup *****************
 Defined at:
		line 99 in file "main.c"
 Parameters:    Size  Location     Type
		None
 Auto vars:     Size  Location     Type
		None
 Return value:  Size  Location     Type
                  1    wreg      void 
 Registers used:
		wreg, status,2
 Tracked objects:
		On entry : 
		On exit  : 
		Unchanged: 
 Data sizes:     COMRAM   BANK0   BANK1   BANK2   BANK3   BANK4   BANK5   BANK6   BANK7   BANK8   BANK9  BANK10  BANK11  BANK12  BANK13  BANK14
      Params:         0       0       0       0       0       0       0       0       0       0       0       0       0       0       0       0
      Locals:         0       0       0       0       0       0       0       0       0       0       0       0       0       0       0       0
      Temps:          0       0       0       0       0       0       0       0       0       0       0       0       0       0       0       0
      Totals:         0       0       0       0       0       0       0       0       0       0       0       0       0       0       0       0
Total ram usage:        0 bytes
 Hardware stack levels used:    1
 This function calls:
		Nothing
 This function is called by:
		_main
 This function uses a non-reentrant model


 *************** function _puts1USART *****************
 Defined at:
		line 14 in file "/opt/microchip/xc8/v1.42/sources/pic18/plib/USART/u1puts.c"
 Parameters:    Size  Location     Type
  data            2   24[COMRAM] PTR unsigned char 
		 -> stringval(10), device_name(50), 
 Auto vars:     Size  Location     Type
		None
 Return value:  Size  Location     Type
                  1    wreg      void 
 Registers used:
		wreg, fsr2l, fsr2h, status,2, status,0, cstack
 Tracked objects:
		On entry : 
		On exit  : 
		Unchanged: 
 Data sizes:     COMRAM   BANK0   BANK1   BANK2   BANK3   BANK4   BANK5   BANK6   BANK7   BANK8   BANK9  BANK10  BANK11  BANK12  BANK13  BANK14
      Params:         2       0       0       0       0       0       0       0       0       0       0       0       0       0       0       0
      Locals:         0       0       0       0       0       0       0       0       0       0       0       0       0       0       0       0
      Temps:          0       0       0       0       0       0       0       0       0       0       0       0       0       0       0       0
      Totals:         2       0       0       0       0       0       0       0       0       0       0       0       0       0       0       0
Total ram usage:        2 bytes
 Hardware stack levels used:    1
 Hardware stack levels required when called:    1
 This function calls:
		_Write1USART
 This function is called by:
		_main
 This function uses a non-reentrant model


 *************** function _Write1USART *****************
 Defined at:
		line 14 in file "/opt/microchip/xc8/v1.42/sources/pic18/plib/USART/u1write.c"
 Parameters:    Size  Location     Type
  data            1    wreg     unsigned char 
 Auto vars:     Size  Location     Type
  data            1    0[COMRAM] unsigned char 
 Return value:  Size  Location     Type
                  1    wreg      void 
 Registers used:
		wreg
 Tracked objects:
		On entry : 
		On exit  : 
		Unchanged: 
 Data sizes:     COMRAM   BANK0   BANK1   BANK2   BANK3   BANK4   BANK5   BANK6   BANK7   BANK8   BANK9  BANK10  BANK11  BANK12  BANK13  BANK14
      Params:         0       0       0       0       0       0       0       0       0       0       0       0       0       0       0       0
      Locals:         1       0       0       0       0       0       0       0       0       0       0       0       0       0       0       0
      Temps:          0       0       0       0       0       0       0       0       0       0       0       0       0       0       0       0
      Totals:         1       0       0       0       0       0       0       0       0       0       0       0       0       0       0       0
Total ram usage:        1 bytes
 Hardware stack levels used:    1
 This function calls:
		Nothing
 This function is called by:
		_puts1USART
 This function uses a non-reentrant model


 *************** function _itoa *****************
 Defined at:
		line 4 in file "/opt/microchip/xc8/v1.42/sources/common/itoa.c"
 Parameters:    Size  Location     Type
  buf             2   16[COMRAM] PTR unsigned char 
		 -> stringval(10), 
  val             2   18[COMRAM] int 
  base            2   20[COMRAM] int 
 Auto vars:     Size  Location     Type
  cp              2   22[COMRAM] PTR unsigned char 
		 -> stringval(10), 
 Return value:  Size  Location     Type
                  2   16[COMRAM] PTR unsigned char 
 Registers used:
		wreg, fsr2l, fsr2h, status,2, status,0, cstack
 Tracked objects:
		On entry : 
		On exit  : 
		Unchanged: 
 Data sizes:     COMRAM   BANK0   BANK1   BANK2   BANK3   BANK4   BANK5   BANK6   BANK7   BANK8   BANK9  BANK10  BANK11  BANK12  BANK13  BANK14
      Params:         6       0       0       0       0       0       0       0       0       0       0       0       0       0       0       0
      Locals:         2       0       0       0       0       0       0       0       0       0       0       0       0       0       0       0
      Temps:          0       0       0       0       0       0       0       0       0       0       0       0       0       0       0       0
      Totals:         8       0       0       0       0       0       0       0       0       0       0       0       0       0       0       0
Total ram usage:        8 bytes
 Hardware stack levels used:    1
 Hardware stack levels required when called:    2
 This function calls:
		_utoa
 This function is called by:
		_main
 This function uses a non-reentrant model


 *************** function _utoa *****************
 Defined at:
		line 17 in file "/opt/microchip/xc8/v1.42/sources/common/itoa.c"
 Parameters:    Size  Location     Type
  buf             2    7[COMRAM] PTR unsigned char 
		 -> stringval(10), 
  val             2    9[COMRAM] unsigned int 
  base            2   11[COMRAM] int 
 Auto vars:     Size  Location     Type
  v               2   13[COMRAM] unsigned int 
  c               1   15[COMRAM] unsigned char 
 Return value:  Size  Location     Type
                  2    7[COMRAM] PTR unsigned char 
 Registers used:
		wreg, fsr2l, fsr2h, status,2, status,0, cstack
 Tracked objects:
		On entry : 
		On exit  : 
		Unchanged: 
 Data sizes:     COMRAM   BANK0   BANK1   BANK2   BANK3   BANK4   BANK5   BANK6   BANK7   BANK8   BANK9  BANK10  BANK11  BANK12  BANK13  BANK14
      Params:         6       0       0       0       0       0       0       0       0       0       0       0       0       0       0       0
      Locals:         3       0       0       0       0       0       0       0       0       0       0       0       0       0       0       0
      Temps:          0       0       0       0       0       0       0       0       0       0       0       0       0       0       0       0
      Totals:         9       0       0       0       0       0       0       0       0       0       0       0       0       0       0       0
Total ram usage:        9 bytes
 Hardware stack levels used:    1
 Hardware stack levels required when called:    1
 This function calls:
		___lwdiv
		___lwmod
 This function is called by:
		_itoa
 This function uses a non-reentrant model


 *************** function ___lwmod *****************
 Defined at:
		line 8 in file "/opt/microchip/xc8/v1.42/sources/common/lwmod.c"
 Parameters:    Size  Location     Type
  dividend        2    0[COMRAM] unsigned int 
  divisor         2    2[COMRAM] unsigned int 
 Auto vars:     Size  Location     Type
  counter         1    4[COMRAM] unsigned char 
 Return value:  Size  Location     Type
                  2    0[COMRAM] unsigned int 
 Registers used:
		wreg, status,2, status,0
 Tracked objects:
		On entry : 
		On exit  : 
		Unchanged: 
 Data sizes:     COMRAM   BANK0   BANK1   BANK2   BANK3   BANK4   BANK5   BANK6   BANK7   BANK8   BANK9  BANK10  BANK11  BANK12  BANK13  BANK14
      Params:         4       0       0       0       0       0       0       0       0       0       0       0       0       0       0       0
      Locals:         1       0       0       0       0       0       0       0       0       0       0       0       0       0       0       0
      Temps:          0       0       0       0       0       0       0       0       0       0       0       0       0       0       0       0
      Totals:         5       0       0       0       0       0       0       0       0       0       0       0       0       0       0       0
Total ram usage:        5 bytes
 Hardware stack levels used:    1
 This function calls:
		Nothing
 This function is called by:
		_utoa
 This function uses a non-reentrant model


 *************** function ___lwdiv *****************
 Defined at:
		line 8 in file "/opt/microchip/xc8/v1.42/sources/common/lwdiv.c"
 Parameters:    Size  Location     Type
  dividend        2    0[COMRAM] unsigned int 
  divisor         2    2[COMRAM] unsigned int 
 Auto vars:     Size  Location     Type
  quotient        2    4[COMRAM] unsigned int 
  counter         1    6[COMRAM] unsigned char 
 Return value:  Size  Location     Type
                  2    0[COMRAM] unsigned int 
 Registers used:
		wreg, status,2, status,0
 Tracked objects:
		On entry : 
		On exit  : 
		Unchanged: 
 Data sizes:     COMRAM   BANK0   BANK1   BANK2   BANK3   BANK4   BANK5   BANK6   BANK7   BANK8   BANK9  BANK10  BANK11  BANK12  BANK13  BANK14
      Params:         4       0       0       0       0       0       0       0       0       0       0       0       0       0       0       0
      Locals:         3       0       0       0       0       0       0       0       0       0       0       0       0       0       0       0
      Temps:          0       0       0       0       0       0       0       0       0       0       0       0       0       0       0       0
      Totals:         7       0       0       0       0       0       0       0       0       0       0       0       0       0       0       0
Total ram usage:        7 bytes
 Hardware stack levels used:    1
 This function calls:
		Nothing
 This function is called by:
		_utoa
 This function uses a non-reentrant model


 *************** function _do_voltage *****************
 Defined at:
		line 225 in file "main.c"
 Parameters:    Size  Location     Type
		None
 Auto vars:     Size  Location     Type
		None
 Return value:  Size  Location     Type
                  1    wreg      void 
 Registers used:
		wreg, fsr2l, fsr2h, status,2, status,0, tblptrl, tblptrh, tblptru, prodl, prodh, cstack
 Tracked objects:
		On entry : 
		On exit  : 
		Unchanged: 
 Data sizes:     COMRAM   BANK0   BANK1   BANK2   BANK3   BANK4   BANK5   BANK6   BANK7   BANK8   BANK9  BANK10  BANK11  BANK12  BANK13  BANK14
      Params:         0       0       0       0       0       0       0       0       0       0       0       0       0       0       0       0
      Locals:         0       0       0       0       0       0       0       0       0       0       0       0       0       0       0       0
      Temps:          0       0       0       0       0       0       0       0       0       0       0       0       0       0       0       0
      Totals:         0       0       0       0       0       0       0       0       0       0       0       0       0       0       0       0
Total ram usage:        0 bytes
 Hardware stack levels used:    1
 Hardware stack levels required when called:    4
 This function calls:
		_ADCRead
		___ftdiv
		___ftmul
		___lwtoft
		_printf
 This function is called by:
		_main
 This function uses a non-reentrant model


 *************** function _printf *****************
 Defined at:
		line 464 in file "/opt/microchip/xc8/v1.42/sources/common/doprnt.c"
 Parameters:    Size  Location     Type
  f               2   63[COMRAM] PTR const unsigned char 
		 -> STR_4(3), STR_3(9), STR_2(6), STR_1(17), 
 Auto vars:     Size  Location     Type
  tmpval          4   15[BANK0 ] struct .
  val             4    9[BANK0 ] unsigned long 
  fval            3   23[BANK0 ] unsigned long 
  prec            2   26[BANK0 ] int 
  width           2   21[BANK0 ] int 
  exp             2   19[BANK0 ] int 
  flag            2   13[BANK0 ] unsigned short 
  len             2    7[BANK0 ] unsigned int 
  ap              2    5[BANK0 ] PTR void [1]
		 -> ?_printf(2), 
  cp              2    3[BANK0 ] PTR const unsigned char 
		 -> printf@c(1), 
  c               1   28[BANK0 ] char 
  d               1    0        unsigned char 
 Return value:  Size  Location     Type
                  2   63[COMRAM] int 
 Registers used:
		wreg, fsr2l, fsr2h, status,2, status,0, tblptrl, tblptrh, tblptru, prodl, prodh, cstack
 Tracked objects:
		On entry : 
		On exit  : 
		Unchanged: 
 Data sizes:     COMRAM   BANK0   BANK1   BANK2   BANK3   BANK4   BANK5   BANK6   BANK7   BANK8   BANK9  BANK10  BANK11  BANK12  BANK13  BANK14
      Params:         5       0       0       0       0       0       0       0       0       0       0       0       0       0       0       0
      Locals:         0      29       0       0       0       0       0       0       0       0       0       0       0       0       0       0
      Temps:          6       0       0       0       0       0       0       0       0       0       0       0       0       0       0       0
      Totals:        11      29       0       0       0       0       0       0       0       0       0       0       0       0       0       0
Total ram usage:       40 bytes
 Hardware stack levels used:    1
 Hardware stack levels required when called:    3
 This function calls:
		___awdiv
		___ftadd
		___ftge
		___ftmul
		___ftneg
		___ftsub
		___fttol
		___lldiv
		___llmod
		___lltoft
		___wmul
		__div_to_l_
		__tdiv_to_l_
		_fround
		_isdigit
		_putch
		_scale
 This function is called by:
		_do_voltage
		_main
 This function uses a non-reentrant model


 *************** function _scale *****************
 Defined at:
		line 425 in file "/opt/microchip/xc8/v1.42/sources/common/doprnt.c"
 Parameters:    Size  Location     Type
  scl             1    wreg     char 
 Auto vars:     Size  Location     Type
  scl             1   41[COMRAM] char 
 Return value:  Size  Location     Type
                  3   35[COMRAM] char 
 Registers used:
		wreg, status,2, status,0, tblptrl, tblptrh, tblptru, prodl, prodh, cstack
 Tracked objects:
		On entry : 
		On exit  : 
		Unchanged: 
 Data sizes:     COMRAM   BANK0   BANK1   BANK2   BANK3   BANK4   BANK5   BANK6   BANK7   BANK8   BANK9  BANK10  BANK11  BANK12  BANK13  BANK14
      Params:         3       0       0       0       0       0       0       0       0       0       0       0       0       0       0       0
      Locals:         4       0       0       0       0       0       0       0       0       0       0       0       0       0       0       0
      Temps:          0       0       0       0       0       0       0       0       0       0       0       0       0       0       0       0
      Totals:         7       0       0       0       0       0       0       0       0       0       0       0       0       0       0       0
Total ram usage:        7 bytes
 Hardware stack levels used:    1
 Hardware stack levels required when called:    2
 This function calls:
		___awdiv
		___awmod
		___ftmul
		___wmul
 This function is called by:
		_printf
 This function uses a non-reentrant model


 *************** function _putch *****************
 Defined at:
		line 166 in file "main.c"
 Parameters:    Size  Location     Type
  data            1    wreg     unsigned char 
 Auto vars:     Size  Location     Type
  data            1    0[COMRAM] unsigned char 
 Return value:  Size  Location     Type
                  1    wreg      void 
 Registers used:
		wreg
 Tracked objects:
		On entry : 
		On exit  : 
		Unchanged: 
 Data sizes:     COMRAM   BANK0   BANK1   BANK2   BANK3   BANK4   BANK5   BANK6   BANK7   BANK8   BANK9  BANK10  BANK11  BANK12  BANK13  BANK14
      Params:         0       0       0       0       0       0       0       0       0       0       0       0       0       0       0       0
      Locals:         1       0       0       0       0       0       0       0       0       0       0       0       0       0       0       0
      Temps:          0       0       0       0       0       0       0       0       0       0       0       0       0       0       0       0
      Totals:         1       0       0       0       0       0       0       0       0       0       0       0       0       0       0       0
Total ram usage:        1 bytes
 Hardware stack levels used:    1
 This function calls:
		Nothing
 This function is called by:
		_printf
 This function uses a non-reentrant model


 *************** function _isdigit *****************
 Defined at:
		line 8 in file "/opt/microchip/xc8/v1.42/sources/common/isdigit.c"
 Parameters:    Size  Location     Type
  c               1    wreg     unsigned char 
 Auto vars:     Size  Location     Type
  c               1    2[COMRAM] unsigned char 
 Return value:  Size  Location     Type
		None               void
 Registers used:
		wreg, status,2, status,0
 Tracked objects:
		On entry : 
		On exit  : 
		Unchanged: 
 Data sizes:     COMRAM   BANK0   BANK1   BANK2   BANK3   BANK4   BANK5   BANK6   BANK7   BANK8   BANK9  BANK10  BANK11  BANK12  BANK13  BANK14
      Params:         0       0       0       0       0       0       0       0       0       0       0       0       0       0       0       0
      Locals:         2       0       0       0       0       0       0       0       0       0       0       0       0       0       0       0
      Temps:          1       0       0       0       0       0       0       0       0       0       0       0       0       0       0       0
      Totals:         3       0       0       0       0       0       0       0       0       0       0       0       0       0       0       0
Total ram usage:        3 bytes
 Hardware stack levels used:    1
 This function calls:
		Nothing
 This function is called by:
		_printf
 This function uses a non-reentrant model


 *************** function _fround *****************
 Defined at:
		line 409 in file "/opt/microchip/xc8/v1.42/sources/common/doprnt.c"
 Parameters:    Size  Location     Type
  prec            1    wreg     unsigned char 
 Auto vars:     Size  Location     Type
  prec            1   44[COMRAM] unsigned char 
 Return value:  Size  Location     Type
                  3   35[COMRAM] unsigned char 
 Registers used:
		wreg, status,2, status,0, tblptrl, tblptrh, tblptru, prodl, prodh, cstack
 Tracked objects:
		On entry : 
		On exit  : 
		Unchanged: 
 Data sizes:     COMRAM   BANK0   BANK1   BANK2   BANK3   BANK4   BANK5   BANK6   BANK7   BANK8   BANK9  BANK10  BANK11  BANK12  BANK13  BANK14
      Params:         3       0       0       0       0       0       0       0       0       0       0       0       0       0       0       0
      Locals:         7       0       0       0       0       0       0       0       0       0       0       0       0       0       0       0
      Temps:          0       0       0       0       0       0       0       0       0       0       0       0       0       0       0       0
      Totals:        10       0       0       0       0       0       0       0       0       0       0       0       0       0       0       0
Total ram usage:       10 bytes
 Hardware stack levels used:    1
 Hardware stack levels required when called:    2
 This function calls:
		___awdiv
		___awmod
		___ftmul
		___wmul
 This function is called by:
		_printf
 This function uses a non-reentrant model


 *************** function ___wmul *****************
 Defined at:
		line 15 in file "/opt/microchip/xc8/v1.42/sources/common/Umul16.c"
 Parameters:    Size  Location     Type
  multiplier      2   14[COMRAM] unsigned int 
  multiplicand    2   16[COMRAM] unsigned int 
 Auto vars:     Size  Location     Type
  product         2   18[COMRAM] unsigned int 
 Return value:  Size  Location     Type
                  2   14[COMRAM] unsigned int 
 Registers used:
		wreg, status,2, status,0, prodl, prodh
 Tracked objects:
		On entry : 
		On exit  : 
		Unchanged: 
 Data sizes:     COMRAM   BANK0   BANK1   BANK2   BANK3   BANK4   BANK5   BANK6   BANK7   BANK8   BANK9  BANK10  BANK11  BANK12  BANK13  BANK14
      Params:         4       0       0       0       0       0       0       0       0       0       0       0       0       0       0       0
      Locals:         2       0       0       0       0       0       0       0       0       0       0       0       0       0       0       0
      Temps:          0       0       0       0       0       0       0       0       0       0       0       0       0       0       0       0
      Totals:         6       0       0       0       0       0       0       0       0       0       0       0       0       0       0       0
Total ram usage:        6 bytes
 Hardware stack levels used:    1
 This function calls:
		Nothing
 This function is called by:
		_fround
		_scale
		_printf
 This function uses a non-reentrant model


 *************** function ___ftmul *****************
 Defined at:
		line 62 in file "/opt/microchip/xc8/v1.42/sources/common/ftmul.c"
 Parameters:    Size  Location     Type
  f1              3   20[COMRAM] float 
  f2              3   23[COMRAM] float 
 Auto vars:     Size  Location     Type
  f3_as_produc    3   30[COMRAM] unsigned um
  sign            1   34[COMRAM] unsigned char 
  cntr            1   33[COMRAM] unsigned char 
  exp             1   29[COMRAM] unsigned char 
 Return value:  Size  Location     Type
                  3   20[COMRAM] float 
 Registers used:
		wreg, status,2, status,0, cstack
 Tracked objects:
		On entry : 
		On exit  : 
		Unchanged: 
 Data sizes:     COMRAM   BANK0   BANK1   BANK2   BANK3   BANK4   BANK5   BANK6   BANK7   BANK8   BANK9  BANK10  BANK11  BANK12  BANK13  BANK14
      Params:         6       0       0       0       0       0       0       0       0       0       0       0       0       0       0       0
      Locals:         6       0       0       0       0       0       0       0       0       0       0       0       0       0       0       0
      Temps:          3       0       0       0       0       0       0       0       0       0       0       0       0       0       0       0
      Totals:        15       0       0       0       0       0       0       0       0       0       0       0       0       0       0       0
Total ram usage:       15 bytes
 Hardware stack levels used:    1
 Hardware stack levels required when called:    1
 This function calls:
		___ftpack
 This function is called by:
		_do_voltage
		_fround
		_scale
		_printf
 This function uses a non-reentrant model


 *************** function ___awmod *****************
 Defined at:
		line 8 in file "/opt/microchip/xc8/v1.42/sources/common/awmod.c"
 Parameters:    Size  Location     Type
  dividend        2    0[COMRAM] int 
  divisor         2    2[COMRAM] int 
 Auto vars:     Size  Location     Type
  sign            1    5[COMRAM] unsigned char 
  counter         1    4[COMRAM] unsigned char 
 Return value:  Size  Location     Type
                  2    0[COMRAM] int 
 Registers used:
		wreg, status,2, status,0
 Tracked objects:
		On entry : 
		On exit  : 
		Unchanged: 
 Data sizes:     COMRAM   BANK0   BANK1   BANK2   BANK3   BANK4   BANK5   BANK6   BANK7   BANK8   BANK9  BANK10  BANK11  BANK12  BANK13  BANK14
      Params:         4       0       0       0       0       0       0       0       0       0       0       0       0       0       0       0
      Locals:         2       0       0       0       0       0       0       0       0       0       0       0       0       0       0       0
      Temps:          0       0       0       0       0       0       0       0       0       0       0       0       0       0       0       0
      Totals:         6       0       0       0       0       0       0       0       0       0       0       0       0       0       0       0
Total ram usage:        6 bytes
 Hardware stack levels used:    1
 This function calls:
		Nothing
 This function is called by:
		_fround
		_scale
 This function uses a non-reentrant model


 *************** function ___awdiv *****************
 Defined at:
		line 8 in file "/opt/microchip/xc8/v1.42/sources/common/awdiv.c"
 Parameters:    Size  Location     Type
  dividend        2    6[COMRAM] int 
  divisor         2    8[COMRAM] int 
 Auto vars:     Size  Location     Type
  quotient        2   12[COMRAM] int 
  sign            1   11[COMRAM] unsigned char 
  counter         1   10[COMRAM] unsigned char 
 Return value:  Size  Location     Type
                  2    6[COMRAM] int 
 Registers used:
		wreg, status,2, status,0
 Tracked objects:
		On entry : 
		On exit  : 
		Unchanged: 
 Data sizes:     COMRAM   BANK0   BANK1   BANK2   BANK3   BANK4   BANK5   BANK6   BANK7   BANK8   BANK9  BANK10  BANK11  BANK12  BANK13  BANK14
      Params:         4       0       0       0       0       0       0       0       0       0       0       0       0       0       0       0
      Locals:         4       0       0       0       0       0       0       0       0       0       0       0       0       0       0       0
      Temps:          0       0       0       0       0       0       0       0       0       0       0       0       0       0       0       0
      Totals:         8       0       0       0       0       0       0       0       0       0       0       0       0       0       0       0
Total ram usage:        8 bytes
 Hardware stack levels used:    1
 This function calls:
		Nothing
 This function is called by:
		_fround
		_scale
		_printf
 This function uses a non-reentrant model


 *************** function __tdiv_to_l_ *****************
 Defined at:
		line 60 in file "/opt/microchip/xc8/v1.42/sources/common/ftdivl.c"
 Parameters:    Size  Location     Type
  f1              3    0[COMRAM] float 
  f2              3    3[COMRAM] float 
 Auto vars:     Size  Location     Type
  quot            4    9[COMRAM] unsigned long 
  exp1            1   14[COMRAM] unsigned char 
  cntr            1   13[COMRAM] unsigned char 
 Return value:  Size  Location     Type
                  4    0[COMRAM] unsigned long 
 Registers used:
		wreg, status,2, status,0
 Tracked objects:
		On entry : 
		On exit  : 
		Unchanged: 
 Data sizes:     COMRAM   BANK0   BANK1   BANK2   BANK3   BANK4   BANK5   BANK6   BANK7   BANK8   BANK9  BANK10  BANK11  BANK12  BANK13  BANK14
      Params:         6       0       0       0       0       0       0       0       0       0       0       0       0       0       0       0
      Locals:         6       0       0       0       0       0       0       0       0       0       0       0       0       0       0       0
      Temps:          3       0       0       0       0       0       0       0       0       0       0       0       0       0       0       0
      Totals:        15       0       0       0       0       0       0       0       0       0       0       0       0       0       0       0
Total ram usage:       15 bytes
 Hardware stack levels used:    1
 This function calls:
		Nothing
 This function is called by:
		_printf
 This function uses a non-reentrant model


 *************** function __div_to_l_ *****************
 Defined at:
		line 60 in file "/opt/microchip/xc8/v1.42/sources/common/fldivl.c"
 Parameters:    Size  Location     Type
  f1              3    0[COMRAM] unsigned long 
  f2              3    3[COMRAM] unsigned long 
 Auto vars:     Size  Location     Type
  quot            4    6[COMRAM] unsigned long 
  exp1            1   11[COMRAM] unsigned char 
  cntr            1   10[COMRAM] unsigned char 
 Return value:  Size  Location     Type
                  4    0[COMRAM] unsigned long 
 Registers used:
		wreg, status,2, status,0
 Tracked objects:
		On entry : 
		On exit  : 
		Unchanged: 
 Data sizes:     COMRAM   BANK0   BANK1   BANK2   BANK3   BANK4   BANK5   BANK6   BANK7   BANK8   BANK9  BANK10  BANK11  BANK12  BANK13  BANK14
      Params:         6       0       0       0       0       0       0       0       0       0       0       0       0       0       0       0
      Locals:         6       0       0       0       0       0       0       0       0       0       0       0       0       0       0       0
      Temps:          0       0       0       0       0       0       0       0       0       0       0       0       0       0       0       0
      Totals:        12       0       0       0       0       0       0       0       0       0       0       0       0       0       0       0
Total ram usage:       12 bytes
 Hardware stack levels used:    1
 This function calls:
		Nothing
 This function is called by:
		_printf
 This function uses a non-reentrant model


 *************** function ___lltoft *****************
 Defined at:
		line 35 in file "/opt/microchip/xc8/v1.42/sources/common/lltoft.c"
 Parameters:    Size  Location     Type
  c               4    8[COMRAM] unsigned long 
 Auto vars:     Size  Location     Type
  exp             1   16[COMRAM] unsigned char 
 Return value:  Size  Location     Type
                  3    8[COMRAM] float 
 Registers used:
		wreg, status,2, status,0, cstack
 Tracked objects:
		On entry : 
		On exit  : 
		Unchanged: 
 Data sizes:     COMRAM   BANK0   BANK1   BANK2   BANK3   BANK4   BANK5   BANK6   BANK7   BANK8   BANK9  BANK10  BANK11  BANK12  BANK13  BANK14
      Params:         4       0       0       0       0       0       0       0       0       0       0       0       0       0       0       0
      Locals:         1       0       0       0       0       0       0       0       0       0       0       0       0       0       0       0
      Temps:          4       0       0       0       0       0       0       0       0       0       0       0       0       0       0       0
      Totals:         9       0       0       0       0       0       0       0       0       0       0       0       0       0       0       0
Total ram usage:        9 bytes
 Hardware stack levels used:    1
 Hardware stack levels required when called:    1
 This function calls:
		___ftpack
 This function is called by:
		_printf
 This function uses a non-reentrant model


 *************** function ___llmod *****************
 Defined at:
		line 8 in file "/opt/microchip/xc8/v1.42/sources/common/llmod.c"
 Parameters:    Size  Location     Type
  dividend        4    0[COMRAM] unsigned long 
  divisor         4    4[COMRAM] unsigned long 
 Auto vars:     Size  Location     Type
  counter         1    8[COMRAM] unsigned char 
 Return value:  Size  Location     Type
                  4    0[COMRAM] unsigned long 
 Registers used:
		wreg, status,2, status,0
 Tracked objects:
		On entry : 
		On exit  : 
		Unchanged: 
 Data sizes:     COMRAM   BANK0   BANK1   BANK2   BANK3   BANK4   BANK5   BANK6   BANK7   BANK8   BANK9  BANK10  BANK11  BANK12  BANK13  BANK14
      Params:         8       0       0       0       0       0       0       0       0       0       0       0       0       0       0       0
      Locals:         1       0       0       0       0       0       0       0       0       0       0       0       0       0       0       0
      Temps:          0       0       0       0       0       0       0       0       0       0       0       0       0       0       0       0
      Totals:         9       0       0       0       0       0       0       0       0       0       0       0       0       0       0       0
Total ram usage:        9 bytes
 Hardware stack levels used:    1
 This function calls:
		Nothing
 This function is called by:
		_printf
 This function uses a non-reentrant model


 *************** function ___lldiv *****************
 Defined at:
		line 8 in file "/opt/microchip/xc8/v1.42/sources/common/lldiv.c"
 Parameters:    Size  Location     Type
  dividend        4    0[COMRAM] unsigned long 
  divisor         4    4[COMRAM] unsigned long 
 Auto vars:     Size  Location     Type
  quotient        4    8[COMRAM] unsigned long 
  counter         1   12[COMRAM] unsigned char 
 Return value:  Size  Location     Type
                  4    0[COMRAM] unsigned long 
 Registers used:
		wreg, status,2, status,0
 Tracked objects:
		On entry : 
		On exit  : 
		Unchanged: 
 Data sizes:     COMRAM   BANK0   BANK1   BANK2   BANK3   BANK4   BANK5   BANK6   BANK7   BANK8   BANK9  BANK10  BANK11  BANK12  BANK13  BANK14
      Params:         8       0       0       0       0       0       0       0       0       0       0       0       0       0       0       0
      Locals:         5       0       0       0       0       0       0       0       0       0       0       0       0       0       0       0
      Temps:          0       0       0       0       0       0       0       0       0       0       0       0       0       0       0       0
      Totals:        13       0       0       0       0       0       0       0       0       0       0       0       0       0       0       0
Total ram usage:       13 bytes
 Hardware stack levels used:    1
 This function calls:
		Nothing
 This function is called by:
		_printf
 This function uses a non-reentrant model


 *************** function ___fttol *****************
 Defined at:
		line 44 in file "/opt/microchip/xc8/v1.42/sources/common/fttol.c"
 Parameters:    Size  Location     Type
  f1              3   42[COMRAM] float 
 Auto vars:     Size  Location     Type
  lval            4   52[COMRAM] unsigned long 
  exp1            1   56[COMRAM] unsigned char 
  sign1           1   51[COMRAM] unsigned char 
 Return value:  Size  Location     Type
                  4   42[COMRAM] long 
 Registers used:
		wreg, status,2, status,0
 Tracked objects:
		On entry : 
		On exit  : 
		Unchanged: 
[...]
      Params:         6       0       0       0       0       0       0       0       0       0       0       0       0       0       0       0
      Locals:         3       0       0       0       0       0       0       0       0       0       0       0       0       0       0       0
      Temps:          3       0       0       0       0       0       0       0       0       0       0       0       0       0       0       0
      Totals:        12       0       0       0       0       0       0       0       0       0       0       0       0       0       0       0
Total ram usage:       12 bytes
 Hardware stack levels used:    1
 Hardware stack levels required when called:    1
 This function calls:
		___ftpack
 This function is called by:
		_printf
		___ftsub
 This function uses a non-reentrant model


 *************** function ___ftneg *****************
 Defined at:
		line 15 in file "/opt/microchip/xc8/v1.42/sources/common/ftneg.c"
 Parameters:    Size  Location     Type
  f1              3    0[COMRAM] float 
 Auto vars:     Size  Location     Type
		None
 Return value:  Size  Location     Type
                  3    0[COMRAM] float 
 Registers used:
		wreg, status,2, status,0
 Tracked objects:
		On entry : 
		On exit  : 
		Unchanged: 
 Data sizes:     COMRAM   BANK0   BANK1   BANK2   BANK3   BANK4   BANK5   BANK6   BANK7   BANK8   BANK9  BANK10  BANK11  BANK12  BANK13  BANK14
      Params:         3       0       0       0       0       0       0       0       0       0       0       0       0       0       0       0
      Locals:         0       0       0       0       0       0       0       0       0       0       0       0       0       0       0       0
      Temps:          0       0       0       0       0       0       0       0       0       0       0       0       0       0       0       0
      Totals:         3       0       0       0       0       0       0       0       0       0       0       0       0       0       0       0
Total ram usage:        3 bytes
 Hardware stack levels used:    1
 This function calls:
		Nothing
 This function is called by:
		_printf
 This function uses a non-reentrant model


 *************** function ___ftge *****************
 Defined at:
		line 4 in file "/opt/microchip/xc8/v1.42/sources/common/ftge.c"
 Parameters:    Size  Location     Type
  ff1             3    0[COMRAM] float 
  ff2             3    3[COMRAM] float 
 Auto vars:     Size  Location     Type
		None
 Return value:  Size  Location     Type
		None               void
 Registers used:
		wreg, status,2, status,0
 Tracked objects:
		On entry : 
		On exit  : 
		Unchanged: 
 Data sizes:     COMRAM   BANK0   BANK1   BANK2   BANK3   BANK4   BANK5   BANK6   BANK7   BANK8   BANK9  BANK10  BANK11  BANK12  BANK13  BANK14
      Params:         6       0       0       0       0       0       0       0       0       0       0       0       0       0       0       0
      Locals:         0       0       0       0       0       0       0       0       0       0       0       0       0       0       0       0
      Temps:          3       0       0       0       0       0       0       0       0       0       0       0       0       0       0       0
      Totals:         9       0       0       0       0       0       0       0       0       0       0       0       0       0       0       0
Total ram usage:        9 bytes
 Hardware stack levels used:    1
 This function calls:
		Nothing
 This function is called by:
		_printf
 This function uses a non-reentrant model


 *************** function ___lwtoft *****************
 Defined at:
		line 28 in file "/opt/microchip/xc8/v1.42/sources/common/lwtoft.c"
 Parameters:    Size  Location     Type
  c               2    8[COMRAM] unsigned int 
 Auto vars:     Size  Location     Type
		None
 Return value:  Size  Location     Type
                  3    8[COMRAM] float 
 Registers used:
		wreg, status,2, status,0, cstack
 Tracked objects:
		On entry : 
		On exit  : 
		Unchanged: 
 Data sizes:     COMRAM   BANK0   BANK1   BANK2   BANK3   BANK4   BANK5   BANK6   BANK7   BANK8   BANK9  BANK10  BANK11  BANK12  BANK13  BANK14
      Params:         3       0       0       0       0       0       0       0       0       0       0       0       0       0       0       0
      Locals:         0       0       0       0       0       0       0       0       0       0       0       0       0       0       0       0
      Temps:          0       0       0       0       0       0       0       0       0       0       0       0       0       0       0       0
      Totals:         3       0       0       0       0       0       0       0       0       0       0       0       0       0       0       0
Total ram usage:        3 bytes
 Hardware stack levels used:    1
 Hardware stack levels required when called:    1
 This function calls:
		___ftpack
 This function is called by:
		_do_voltage
 This function uses a non-reentrant model


 *************** function ___ftdiv *****************
 Defined at:
		line 54 in file "/opt/microchip/xc8/v1.42/sources/common/ftdiv.c"
 Parameters:    Size  Location     Type
  f1              3   35[COMRAM] float 
  f2              3   38[COMRAM] float 
 Auto vars:     Size  Location     Type
  f3              3   45[COMRAM] float 
  sign            1   49[COMRAM] unsigned char 
  exp             1   48[COMRAM] unsigned char 
  cntr            1   44[COMRAM] unsigned char 
 Return value:  Size  Location     Type
                  3   35[COMRAM] float 
 Registers used:
		wreg, status,2, status,0, cstack
 Tracked objects:
		On entry : 
		On exit  : 
		Unchanged: 
 Data sizes:     COMRAM   BANK0   BANK1   BANK2   BANK3   BANK4   BANK5   BANK6   BANK7   BANK8   BANK9  BANK10  BANK11  BANK12  BANK13  BANK14
      Params:         6       0       0       0       0       0       0       0       0       0       0       0       0       0       0       0
      Locals:         6       0       0       0       0       0       0       0       0       0       0       0       0       0       0       0
      Temps:          3       0       0       0       0       0       0       0       0       0       0       0       0       0       0       0
      Totals:        15       0       0       0       0       0       0       0       0       0       0       0       0       0       0       0
Total ram usage:       15 bytes
 Hardware stack levels used:    1
 Hardware stack levels required when called:    1
 This function calls:
		___ftpack
 This function is called by:
		_do_voltage
 This function uses a non-reentrant model


 *************** function ___ftpack *****************
 Defined at:
		line 62 in file "/opt/microchip/xc8/v1.42/sources/common/float.c"
 Parameters:    Size  Location     Type
  arg             3    0[COMRAM] unsigned um
  exp             1    3[COMRAM] unsigned char 
  sign            1    4[COMRAM] unsigned char 
 Auto vars:     Size  Location     Type
		None
 Return value:  Size  Location     Type
                  3    0[COMRAM] float 
 Registers used:
		wreg, status,2, status,0
 Tracked objects:
		On entry : 
		On exit  : 
		Unchanged: 
 Data sizes:     COMRAM   BANK0   BANK1   BANK2   BANK3   BANK4   BANK5   BANK6   BANK7   BANK8   BANK9  BANK10  BANK11  BANK12  BANK13  BANK14
      Params:         5       0       0       0       0       0       0       0       0       0       0       0       0       0       0       0
      Locals:         0       0       0       0       0       0       0       0       0       0       0       0       0       0       0       0
      Temps:          3       0       0       0       0       0       0       0       0       0       0       0       0       0       0       0
      Totals:         8       0       0       0       0       0       0       0       0       0       0       0       0       0       0       0
Total ram usage:        8 bytes
 Hardware stack levels used:    1
 This function calls:
		Nothing
 This function is called by:
		___ftadd
		___ftdiv
		___ftmul
		___lltoft
		___lwtoft
 This function uses a non-reentrant model


 *************** function _ADCRead *****************
 Defined at:
		line 187 in file "main.c"
 Parameters:    Size  Location     Type
  ch              1    wreg     unsigned char 
 Auto vars:     Size  Location     Type
  ch              1    2[COMRAM] unsigned char 
 Return value:  Size  Location     Type
                  2    0[COMRAM] unsigned int 
 Registers used:
		wreg, status,2, status,0
 Tracked objects:
		On entry : 
		On exit  : 
		Unchanged: 
 Data sizes:     COMRAM   BANK0   BANK1   BANK2   BANK3   BANK4   BANK5   BANK6   BANK7   BANK8   BANK9  BANK10  BANK11  BANK12  BANK13  BANK14
      Params:         2       0       0       0       0       0       0       0       0       0       0       0       0       0       0       0
      Locals:         1       0       0       0       0       0       0       0       0       0       0       0       0       0       0       0
      Temps:          0       0       0       0       0       0       0       0       0       0       0       0       0       0       0       0
      Totals:         3       0       0       0       0       0       0       0       0       0       0       0       0       0       0       0
Total ram usage:        3 bytes
 Hardware stack levels used:    1
 This function calls:
		Nothing
 This function is called by:
		_do_voltage
 This function uses a non-reentrant model


 *************** function _config_adc *****************
 Defined at:
		line 205 in file "main.c"
 Parameters:    Size  Location     Type
		None
 Auto vars:     Size  Location     Type
		None
 Return value:  Size  Location     Type
                  1    wreg      void 
 Registers used:
		wreg, status,2
 Tracked objects:
		On entry : 
		On exit  : 
		Unchanged: 
 Data sizes:     COMRAM   BANK0   BANK1   BANK2   BANK3   BANK4   BANK5   BANK6   BANK7   BANK8   BANK9  BANK10  BANK11  BANK12  BANK13  BANK14
      Params:         0       0       0       0       0       0       0       0       0       0       0       0       0       0       0       0
      Locals:         0       0       0       0       0       0       0       0       0       0       0       0       0       0       0       0
      Temps:          0       0       0       0       0       0       0       0       0       0       0       0       0       0       0       0
      Totals:         0       0       0       0       0       0       0       0       0       0       0       0       0       0       0       0
Total ram usage:        0 bytes
 Hardware stack levels used:    1
 This function calls:
		Nothing
 This function is called by:
		_main
 This function uses a non-reentrant model


 *************** function _UART1Init *****************
 Defined at:
		line 174 in file "main.c"
 Parameters:    Size  Location     Type
  baud_rate       4   14[COMRAM] long 
 Auto vars:     Size  Location     Type
		None
 Return value:  Size  Location     Type
                  1    wreg      void 
 Registers used:
		wreg, status,2, status,0, cstack
 Tracked objects:
		On entry : 
		On exit  : 
		Unchanged: 
 Data sizes:     COMRAM   BANK0   BANK1   BANK2   BANK3   BANK4   BANK5   BANK6   BANK7   BANK8   BANK9  BANK10  BANK11  BANK12  BANK13  BANK14
      Params:         4       0       0       0       0       0       0       0       0       0       0       0       0       0       0       0
      Locals:         4       0       0       0       0       0       0       0       0       0       0       0       0       0       0       0
      Temps:          0       0       0       0       0       0       0       0       0       0       0       0       0       0       0       0
      Totals:         8       0       0       0       0       0       0       0       0       0       0       0       0       0       0       0
Total ram usage:        8 bytes
 Hardware stack levels used:    1
 Hardware stack levels required when called:    1
 This function calls:
		___aldiv
 This function is called by:
		_main
 This function uses a non-reentrant model


 *************** function ___aldiv *****************
 Defined at:
		line 8 in file "/opt/microchip/xc8/v1.42/sources/common/aldiv.c"
 Parameters:    Size  Location     Type
  dividend        4    0[COMRAM] long 
  divisor         4    4[COMRAM] long 
 Auto vars:     Size  Location     Type
  quotient        4   10[COMRAM] long 
  sign            1    9[COMRAM] unsigned char 
  counter         1    8[COMRAM] unsigned char 
 Return value:  Size  Location     Type
                  4    0[COMRAM] long 
 Registers used:
		wreg, status,2, status,0
 Tracked objects:
		On entry : 
		On exit  : 
		Unchanged: 
 Data sizes:     COMRAM   BANK0   BANK1   BANK2   BANK3   BANK4   BANK5   BANK6   BANK7   BANK8   BANK9  BANK10  BANK11  BANK12  BANK13  BANK14
      Params:         8       0       0       0       0       0       0       0       0       0       0       0       0       0       0       0
      Locals:         6       0       0       0       0       0       0       0       0       0       0       0       0       0       0       0
      Temps:          0       0       0       0       0       0       0       0       0       0       0       0       0       0       0       0
      Totals:        14       0       0       0       0       0       0       0       0       0       0       0       0       0       0       0
Total ram usage:       14 bytes
 Hardware stack levels used:    1
 This function calls:
		Nothing
 This function is called by:
		_UART1Init
 This function uses a non-reentrant model


 *************** function _Heartbeat *****************
 Defined at:
		line 249 in file "main.c"
 Parameters:    Size  Location     Type
		None
 Auto vars:     Size  Location     Type
		None
 Return value:  Size  Location     Type
                  1    wreg      void 
 Registers used:
		wreg, status,2, status,0
 Tracked objects:
		On entry : 
		On exit  : 
		Unchanged: 
 Data sizes:     COMRAM   BANK0   BANK1   BANK2   BANK3   BANK4   BANK5   BANK6   BANK7   BANK8   BANK9  BANK10  BANK11  BANK12  BANK13  BANK14
      Params:         0       0       0       0       0       0       0       0       0       0       0       0       0       0       0       0
      Locals:         0       0       0       0       0       0       0       0       0       0       0       0       0       0       0       0
      Temps:          1       0       0       0       0       0       0       0       0       0       0       0       0       0       0       0
      Totals:         1       0       0       0       0       0       0       0       0       0       0       0       0       0       0       0
Total ram usage:        1 bytes
 Hardware stack levels used:    1
 This function calls:
		Nothing
 This function is called by:
		_main
 This function uses a non-reentrant model



MODULE INFORMATION

Module		Function		Class		Link	Load	Size
/opt/microchip/xc8/v1.42/sources/common/ftmul.c
		___ftmul       		CODE           	23F2	0000	245

/opt/microchip/xc8/v1.42/sources/common/ftmul.c estimated size: 245

/opt/microchip/xc8/v1.42/sources/common/isdigit.c
		_isdigit       		CODE           	3042	0000	31

/opt/microchip/xc8/v1.42/sources/common/isdigit.c estimated size: 31

/opt/microchip/xc8/v1.42/sources/common/ftdiv.c
		___ftdiv       		CODE           	25DA	0000	231

/opt/microchip/xc8/v1.42/sources/common/ftdiv.c estimated size: 231

/opt/microchip/xc8/v1.42/sources/common/itoa.c
		_itoa          		CODE           	2E08	0000	75
		_utoa          		CODE           	290C	0000	165

/opt/microchip/xc8/v1.42/sources/common/itoa.c estimated size: 240

/opt/microchip/xc8/v1.42/sources/common/lwdiv.c
		___lwdiv       		CODE           	2DB6	0000	83

/opt/microchip/xc8/v1.42/sources/common/lwdiv.c estimated size: 83

/opt/microchip/xc8/v1.42/sources/common/awdiv.c
		___awdiv       		CODE           	2A40	0000	133

/opt/microchip/xc8/v1.42/sources/common/awdiv.c estimated size: 133

/opt/microchip/xc8/v1.42/sources/common/lldiv.c
		___lldiv       		CODE           	2AC4	0000	131

/opt/microchip/xc8/v1.42/sources/common/lldiv.c estimated size: 131

/opt/microchip/xc8/v1.42/sources/common/aldiv.c
		___aldiv       		CODE           	2792	0000	205

/opt/microchip/xc8/v1.42/sources/common/aldiv.c estimated size: 205

/opt/microchip/xc8/v1.42/sources/common/lwtoft.c
		___lwtoft      		CODE           	301E	0000	37

/opt/microchip/xc8/v1.42/sources/common/lwtoft.c estimated size: 37

/opt/microchip/xc8/v1.42/sources/pic18/plib/USART/u1puts.c
		_puts1USART    		CODE           	2FAE	0000	39

/opt/microchip/xc8/v1.42/sources/pic18/plib/USART/u1puts.c estimated size: 39

/opt/microchip/xc8/v1.42/sources/common/lltoft.c
		___lltoft      		CODE           	2D02	0000	93

/opt/microchip/xc8/v1.42/sources/common/lltoft.c estimated size: 93

/opt/microchip/xc8/v1.42/sources/common/fttol.c
		___fttol       		CODE           	24E6	0000	245

/opt/microchip/xc8/v1.42/sources/common/fttol.c estimated size: 245

/opt/microchip/xc8/v1.42/sources/common/ftadd.c
		___ftadd       		CODE           	1FEC	0000	429

/opt/microchip/xc8/v1.42/sources/common/ftadd.c estimated size: 429

/opt/microchip/xc8/v1.42/sources/common/doprnt.c
		_scale         		CODE           	19B6	0000	1009
		_printf        		CODE           	0F98	0000	2591
		_fround        		CODE           	1DA6	0000	583

/opt/microchip/xc8/v1.42/sources/common/doprnt.c estimated size: 4183

/opt/microchip/xc8/v1.42/sources/common/ftdivl.c
		__tdiv_to_l_   		CODE           	2198	0000	307

/opt/microchip/xc8/v1.42/sources/common/ftdivl.c estimated size: 307

/opt/microchip/xc8/v1.42/sources/common/ftge.c
		___ftge        		CODE           	29B0	0000	145

/opt/microchip/xc8/v1.42/sources/common/ftge.c estimated size: 145

/opt/microchip/xc8/v1.42/sources/common/Umul16.c
		___wmul        		CODE           	2FD4	0000	39

/opt/microchip/xc8/v1.42/sources/common/Umul16.c estimated size: 39

shared
		__powers_      		SMALLCONST     	0F29	0000	40
		_dpowers       		SMALLCONST     	0F01	0000	41
		__npowers_     		SMALLCONST     	0F50	0000	40
		__initialization		CODE           	2E52	0000	57

shared estimated size: 178

/opt/microchip/xc8/v1.42/sources/pic18/plib/USART/u1write.c
		_Write1USART   		CODE           	307A	0000	19

/opt/microchip/xc8/v1.42/sources/pic18/plib/USART/u1write.c estimated size: 19

/opt/microchip/xc8/v1.42/sources/common/ftneg.c
		___ftneg       		CODE           	2FFA	0000	37

/opt/microchip/xc8/v1.42/sources/common/ftneg.c estimated size: 37

/opt/microchip/xc8/v1.42/sources/common/ftsub.c
		___ftsub       		CODE           	2ED6	0000	65

/opt/microchip/xc8/v1.42/sources/common/ftsub.c estimated size: 65

/opt/microchip/xc8/v1.42/sources/common/float.c
		___ftpack      		CODE           	285E	0000	175

/opt/microchip/xc8/v1.42/sources/common/float.c estimated size: 175

/opt/microchip/xc8/v1.42/sources/common/lwmod.c
		___lwmod       		CODE           	2E94	0000	67

/opt/microchip/xc8/v1.42/sources/common/lwmod.c estimated size: 67

/opt/microchip/xc8/v1.42/sources/common/awmod.c
		___awmod       		CODE           	2BBE	0000	113

/opt/microchip/xc8/v1.42/sources/common/awmod.c estimated size: 113

/opt/microchip/xc8/v1.42/sources/common/llmod.c
		___llmod       		CODE           	2C9C	0000	103

/opt/microchip/xc8/v1.42/sources/common/llmod.c estimated size: 103

/opt/microchip/xc8/v1.42/sources/common/fldivl.c
		__div_to_l_    		CODE           	22CA	0000	297

/opt/microchip/xc8/v1.42/sources/common/fldivl.c estimated size: 297

main.c
		_Heartbeat     		CODE           	2F16	0000	55
		_putch         		CODE           	308C	0000	13
		_main          		CODE           	26C0	0000	211
		_UART1Init     		CODE           	2C2E	0000	111
		_ADCRead       		CODE           	2F4C	0000	53
		_setup         		CODE           	3060	0000	27
		_do_voltage    		CODE           	2B46	0000	121
		_config_adc    		CODE           	2F80	0000	47

main.c estimated size: 638

